agda2_mode_code (agda2-status-action "")
agda2_mode_code (agda2-status-action "")
agda2_mode_code (agda2-info-action "*All Goals*" "?0 : D .A
")
agda2_mode_code (agda2-goals-action '(0))
agda2_mode_code (agda2-status-action "")
agda2_mode_code (agda2-info-action
                 "*Goal type etc.*"
                 "Goal: D .A
————————————————————————————————————————————————————————————
x  : D .A
.A : Set")
agda2_mode_code (agda2-goals-action '(0))
