agda2_mode_code (agda2-status-action "")
agda2_mode_code (agda2-status-action "")
agda2_mode_code (agda2-info-action
                 "*All Goals*"
                 "?0 : (x : Carrier) → x ∙ ε ≈ x
?1 : (x : Carrier) → x ∙ ε ≈ x
?2 : (x : List Bool) → x ∙ ε ≈ x
?3 : P
?4 : Q X
?5 : M₁.P Set
")
agda2_mode_code (agda2-goals-action '(0 1 2 3 4 5))
