agda2_mode_code (agda2-status-action "")
agda2_mode_code (agda2-status-action "Checked,ShowImplicit")
agda2_mode_code (agda2-info-action "*All Goals*" "")
agda2_mode_code (agda2-goals-action '())
agda2_mode_code (agda2-status-action "Checked,ShowImplicit")
agda2_mode_code (agda2-info-action "*Inferred Type*" "Foo {Set}")
agda2_mode_code (agda2-goals-action '())
agda2_mode_code (agda2-status-action "")
agda2_mode_code (agda2-status-action "Checked,ShowImplicit")
agda2_mode_code (agda2-info-action "*All Goals*" "")
agda2_mode_code (agda2-goals-action '())
agda2_mode_code (agda2-status-action "Checked,ShowImplicit")
agda2_mode_code (agda2-info-action "*Inferred Type*" "Foo {Set}")
agda2_mode_code (agda2-goals-action '())
