agda2_mode_code (agda2-status-action "")
agda2_mode_code (agda2-status-action "")
agda2_mode_code (agda2-info-action
                 "*All Goals*"
                 "?0 : Unit
?1 : Unit
")
agda2_mode_code (agda2-goals-action '(0 1))
agda2_mode_code (last . (agda2-make-case-action
                         '("bar [ unit ] = ?")))
agda2_mode_code (agda2-goals-action '(0 1))
agda2_mode_code (last . (agda2-make-case-action
                         '("foo (unit , y) = ?")))
agda2_mode_code (agda2-goals-action '(0 1))
